---
source: tests/parsers_snapshot.rs
expression: detail
---
{
  "summary": {
    "id": "claude-sess-001",
    "agent_type": "claude_code",
    "folder_path": "/tmp/demo",
    "folder_name": "demo",
    "title": "hello",
    "started_at": "[ts]",
    "ended_at": "[ts]",
    "message_count": 2,
    "model": "claude-sonnet-4-6",
    "git_branch": "main"
  },
  "turns": [
    {
      "id": "turn-0",
      "role": "user",
      "blocks": [
        {
          "type": "text",
          "text": "hello"
        }
      ],
      "timestamp": "[ts]",
      "completed_at": "[ts]"
    },
    {
      "id": "turn-1",
      "role": "assistant",
      "blocks": [
        {
          "type": "text",
          "text": "world"
        }
      ],
      "timestamp": "[ts]",
      "usage": {
        "input_tokens": 1000,
        "output_tokens": 200,
        "cache_creation_input_tokens": 300,
        "cache_read_input_tokens": 400
      },
      "duration_ms": 2000,
      "model": "claude-sonnet-4-6",
      "completed_at": "[ts]",
      "agent_message_id": "a1"
    }
  ],
  "session_stats": {
    "total_usage": {
      "input_tokens": 1000,
      "output_tokens": 200,
      "cache_creation_input_tokens": 300,
      "cache_read_input_tokens": 400
    },
    "total_tokens": 1900,
    "total_duration_ms": 2000,
    "context_window_used_tokens": 1700,
    "context_window_max_tokens": 1000000,
    "context_window_usage_percent": 0.16999999999999998
  },
  "transcript_watermark": 480
}
